>{
#^ source.json.comments.embedded meta.structure.dictionary.json.comments punctuation.definition.dictionary.begin.json.comments
>	"$schema": "https://www.schemastore.org/tsconfig",
#^ source.json.comments.embedded meta.structure.dictionary.json.comments
# ^ source.json.comments.embedded meta.structure.dictionary.json.comments .meta.embedded.schema. string.json.comments support.type.property-name.json.comments punctuation.support.type.property-name.begin.json.comments
#  ^^^^^^^ source.json.comments.embedded meta.structure.dictionary.json.comments .meta.embedded.schema. string.json.comments support.type.property-name.json.comments
#         ^ source.json.comments.embedded meta.structure.dictionary.json.comments .meta.embedded.schema. string.json.comments support.type.property-name.json.comments punctuation.support.type.property-name.end.json.comments
#          ^ source.json.comments.embedded meta.structure.dictionary.json.comments .meta.embedded.schema. meta.structure.dictionary.value.json.comments punctuation.separator.dictionary.key-value.json.comments
#           ^ source.json.comments.embedded meta.structure.dictionary.json.comments .meta.embedded.schema. meta.structure.dictionary.value.json.comments
#            ^ source.json.comments.embedded meta.structure.dictionary.json.comments .meta.embedded.schema. meta.structure.dictionary.value.json.comments string.quoted.double.json.comments punctuation.definition.string.begin.json.comments
#             ^^^^^^^^^^^^^^^^^^^^^^^^^^^^^^^^^^^^ source.json.comments.embedded meta.structure.dictionary.json.comments .meta.embedded.schema. meta.structure.dictionary.value.json.comments string.quoted.double.json.comments
#                                                 ^ source.json.comments.embedded meta.structure.dictionary.json.comments .meta.embedded.schema. meta.structure.dictionary.value.json.comments string.quoted.double.json.comments punctuation.definition.string.end.json.comments
#                                                  ^ source.json.comments.embedded meta.structure.dictionary.json.comments .meta.embedded.schema. meta.structure.dictionary.value.json.comments punctuation.separator.dictionary.pair.json.comments
>	"ts-node": {
#^ source.json.comments.embedded meta.structure.dictionary.json.comments
# ^ source.json.comments.embedded meta.structure.dictionary.json.comments .meta.embedded.ts-node. string.json.comments support.type.property-name.json.comments punctuation.support.type.property-name.begin.json.comments
#  ^^^^^^^ source.json.comments.embedded meta.structure.dictionary.json.comments .meta.embedded.ts-node. string.json.comments support.type.property-name.json.comments
#         ^ source.json.comments.embedded meta.structure.dictionary.json.comments .meta.embedded.ts-node. string.json.comments support.type.property-name.json.comments punctuation.support.type.property-name.end.json.comments
#          ^ source.json.comments.embedded meta.structure.dictionary.json.comments .meta.embedded.ts-node. meta.structure.dictionary.value.json.comments punctuation.separator.dictionary.key-value.json.comments
#           ^ source.json.comments.embedded meta.structure.dictionary.json.comments .meta.embedded.ts-node. meta.structure.dictionary.value.json.comments
#            ^ source.json.comments.embedded meta.structure.dictionary.json.comments .meta.embedded.ts-node. meta.structure.dictionary.value.json.comments meta.structure.dictionary.json.comments punctuation.definition.dictionary.begin.json.comments
>		"moduleTypes": {
#^^ source.json.comments.embedded meta.structure.dictionary.json.comments .meta.embedded.ts-node. meta.structure.dictionary.value.json.comments meta.structure.dictionary.json.comments
#  ^ source.json.comments.embedded meta.structure.dictionary.json.comments .meta.embedded.ts-node. meta.structure.dictionary.value.json.comments meta.structure.dictionary.json.comments .meta.embedded.moduleTypes. string.json.comments support.type.property-name.json.comments punctuation.support.type.property-name.begin.json.comments
#   ^^^^^^^^^^^ source.json.comments.embedded meta.structure.dictionary.json.comments .meta.embedded.ts-node. meta.structure.dictionary.value.json.comments meta.structure.dictionary.json.comments .meta.embedded.moduleTypes. string.json.comments support.type.property-name.json.comments
#              ^ source.json.comments.embedded meta.structure.dictionary.json.comments .meta.embedded.ts-node. meta.structure.dictionary.value.json.comments meta.structure.dictionary.json.comments .meta.embedded.moduleTypes. string.json.comments support.type.property-name.json.comments punctuation.support.type.property-name.end.json.comments
#               ^ source.json.comments.embedded meta.structure.dictionary.json.comments .meta.embedded.ts-node. meta.structure.dictionary.value.json.comments meta.structure.dictionary.json.comments .meta.embedded.moduleTypes. meta.structure.dictionary.value.json.comments punctuation.separator.dictionary.key-value.json.comments
#                ^ source.json.comments.embedded meta.structure.dictionary.json.comments .meta.embedded.ts-node. meta.structure.dictionary.value.json.comments meta.structure.dictionary.json.comments .meta.embedded.moduleTypes. meta.structure.dictionary.value.json.comments
#                 ^ source.json.comments.embedded meta.structure.dictionary.json.comments .meta.embedded.ts-node. meta.structure.dictionary.value.json.comments meta.structure.dictionary.json.comments .meta.embedded.moduleTypes. meta.structure.dictionary.value.json.comments meta.structure.dictionary.json.comments punctuation.definition.dictionary.begin.json.comments
>			"**/glob/pattern/*.md": {
#^^^ source.json.comments.embedded meta.structure.dictionary.json.comments .meta.embedded.ts-node. meta.structure.dictionary.value.json.comments meta.structure.dictionary.json.comments .meta.embedded.moduleTypes. meta.structure.dictionary.value.json.comments meta.structure.dictionary.json.comments
#   ^ source.json.comments.embedded meta.structure.dictionary.json.comments .meta.embedded.ts-node. meta.structure.dictionary.value.json.comments meta.structure.dictionary.json.comments .meta.embedded.moduleTypes. meta.structure.dictionary.value.json.comments meta.structure.dictionary.json.comments .meta.embedded.globpatternmd. string.json.comments support.type.property-name.json.comments punctuation.support.type.property-name.begin.json.comments
#    ^^ source.json.comments.embedded meta.structure.dictionary.json.comments .meta.embedded.ts-node. meta.structure.dictionary.value.json.comments meta.structure.dictionary.json.comments .meta.embedded.moduleTypes. meta.structure.dictionary.value.json.comments meta.structure.dictionary.json.comments .meta.embedded.globpatternmd. string.json.comments support.type.property-name.json.comments meta.embedded.glob.json string.regexp.glob.json keyword.operator.quantifier.regexp.glob.json punctuation.definition.globstar.glob.json
#      ^ source.json.comments.embedded meta.structure.dictionary.json.comments .meta.embedded.ts-node. meta.structure.dictionary.value.json.comments meta.structure.dictionary.json.comments .meta.embedded.moduleTypes. meta.structure.dictionary.value.json.comments meta.structure.dictionary.json.comments .meta.embedded.globpatternmd. string.json.comments support.type.property-name.json.comments meta.embedded.glob.json string.regexp.glob.json keyword.separator.path.glob-split.glob.json
#       ^^^^ source.json.comments.embedded meta.structure.dictionary.json.comments .meta.embedded.ts-node. meta.structure.dictionary.value.json.comments meta.structure.dictionary.json.comments .meta.embedded.moduleTypes. meta.structure.dictionary.value.json.comments meta.structure.dictionary.json.comments .meta.embedded.globpatternmd. string.json.comments support.type.property-name.json.comments meta.embedded.glob.json string.regexp.glob.json
#           ^ source.json.comments.embedded meta.structure.dictionary.json.comments .meta.embedded.ts-node. meta.structure.dictionary.value.json.comments meta.structure.dictionary.json.comments .meta.embedded.moduleTypes. meta.structure.dictionary.value.json.comments meta.structure.dictionary.json.comments .meta.embedded.globpatternmd. string.json.comments support.type.property-name.json.comments meta.embedded.glob.json string.regexp.glob.json keyword.separator.path.glob-split.glob.json
#            ^^^^^^^ source.json.comments.embedded meta.structure.dictionary.json.comments .meta.embedded.ts-node. meta.structure.dictionary.value.json.comments meta.structure.dictionary.json.comments .meta.embedded.moduleTypes. meta.structure.dictionary.value.json.comments meta.structure.dictionary.json.comments .meta.embedded.globpatternmd. string.json.comments support.type.property-name.json.comments meta.embedded.glob.json string.regexp.glob.json
#                   ^ source.json.comments.embedded meta.structure.dictionary.json.comments .meta.embedded.ts-node. meta.structure.dictionary.value.json.comments meta.structure.dictionary.json.comments .meta.embedded.moduleTypes. meta.structure.dictionary.value.json.comments meta.structure.dictionary.json.comments .meta.embedded.globpatternmd. string.json.comments support.type.property-name.json.comments meta.embedded.glob.json string.regexp.glob.json keyword.separator.path.glob-split.glob.json
#                    ^ source.json.comments.embedded meta.structure.dictionary.json.comments .meta.embedded.ts-node. meta.structure.dictionary.value.json.comments meta.structure.dictionary.json.comments .meta.embedded.moduleTypes. meta.structure.dictionary.value.json.comments meta.structure.dictionary.json.comments .meta.embedded.globpatternmd. string.json.comments support.type.property-name.json.comments meta.embedded.glob.json string.regexp.glob.json keyword.operator.quantifier.regexp.glob.json punctuation.definition.star.glob.json
#                     ^^^ source.json.comments.embedded meta.structure.dictionary.json.comments .meta.embedded.ts-node. meta.structure.dictionary.value.json.comments meta.structure.dictionary.json.comments .meta.embedded.moduleTypes. meta.structure.dictionary.value.json.comments meta.structure.dictionary.json.comments .meta.embedded.globpatternmd. string.json.comments support.type.property-name.json.comments meta.embedded.glob.json string.regexp.glob.json
#                        ^ source.json.comments.embedded meta.structure.dictionary.json.comments .meta.embedded.ts-node. meta.structure.dictionary.value.json.comments meta.structure.dictionary.json.comments .meta.embedded.moduleTypes. meta.structure.dictionary.value.json.comments meta.structure.dictionary.json.comments .meta.embedded.globpatternmd. string.json.comments support.type.property-name.json.comments punctuation.support.type.property-name.end.json.comments
#                         ^ source.json.comments.embedded meta.structure.dictionary.json.comments .meta.embedded.ts-node. meta.structure.dictionary.value.json.comments meta.structure.dictionary.json.comments .meta.embedded.moduleTypes. meta.structure.dictionary.value.json.comments meta.structure.dictionary.json.comments .meta.embedded.globpatternmd. meta.structure.dictionary.value.json.comments punctuation.separator.dictionary.key-value.json.comments
#                          ^ source.json.comments.embedded meta.structure.dictionary.json.comments .meta.embedded.ts-node. meta.structure.dictionary.value.json.comments meta.structure.dictionary.json.comments .meta.embedded.moduleTypes. meta.structure.dictionary.value.json.comments meta.structure.dictionary.json.comments .meta.embedded.globpatternmd. meta.structure.dictionary.value.json.comments
#                           ^ source.json.comments.embedded meta.structure.dictionary.json.comments .meta.embedded.ts-node. meta.structure.dictionary.value.json.comments meta.structure.dictionary.json.comments .meta.embedded.moduleTypes. meta.structure.dictionary.value.json.comments meta.structure.dictionary.json.comments .meta.embedded.globpatternmd. meta.structure.dictionary.value.json.comments meta.structure.dictionary.json.comments punctuation.definition.dictionary.begin.json.comments
>				"not/glob": "*"
#^^^^ source.json.comments.embedded meta.structure.dictionary.json.comments .meta.embedded.ts-node. meta.structure.dictionary.value.json.comments meta.structure.dictionary.json.comments .meta.embedded.moduleTypes. meta.structure.dictionary.value.json.comments meta.structure.dictionary.json.comments .meta.embedded.globpatternmd. meta.structure.dictionary.value.json.comments meta.structure.dictionary.json.comments
#    ^ source.json.comments.embedded meta.structure.dictionary.json.comments .meta.embedded.ts-node. meta.structure.dictionary.value.json.comments meta.structure.dictionary.json.comments .meta.embedded.moduleTypes. meta.structure.dictionary.value.json.comments meta.structure.dictionary.json.comments .meta.embedded.globpatternmd. meta.structure.dictionary.value.json.comments meta.structure.dictionary.json.comments .meta.embedded.notglob. string.json.comments support.type.property-name.json.comments punctuation.support.type.property-name.begin.json.comments
#     ^^^^^^^^ source.json.comments.embedded meta.structure.dictionary.json.comments .meta.embedded.ts-node. meta.structure.dictionary.value.json.comments meta.structure.dictionary.json.comments .meta.embedded.moduleTypes. meta.structure.dictionary.value.json.comments meta.structure.dictionary.json.comments .meta.embedded.globpatternmd. meta.structure.dictionary.value.json.comments meta.structure.dictionary.json.comments .meta.embedded.notglob. string.json.comments support.type.property-name.json.comments
#             ^ source.json.comments.embedded meta.structure.dictionary.json.comments .meta.embedded.ts-node. meta.structure.dictionary.value.json.comments meta.structure.dictionary.json.comments .meta.embedded.moduleTypes. meta.structure.dictionary.value.json.comments meta.structure.dictionary.json.comments .meta.embedded.globpatternmd. meta.structure.dictionary.value.json.comments meta.structure.dictionary.json.comments .meta.embedded.notglob. string.json.comments support.type.property-name.json.comments punctuation.support.type.property-name.end.json.comments
#              ^ source.json.comments.embedded meta.structure.dictionary.json.comments .meta.embedded.ts-node. meta.structure.dictionary.value.json.comments meta.structure.dictionary.json.comments .meta.embedded.moduleTypes. meta.structure.dictionary.value.json.comments meta.structure.dictionary.json.comments .meta.embedded.globpatternmd. meta.structure.dictionary.value.json.comments meta.structure.dictionary.json.comments .meta.embedded.notglob. meta.structure.dictionary.value.json.comments punctuation.separator.dictionary.key-value.json.comments
#               ^ source.json.comments.embedded meta.structure.dictionary.json.comments .meta.embedded.ts-node. meta.structure.dictionary.value.json.comments meta.structure.dictionary.json.comments .meta.embedded.moduleTypes. meta.structure.dictionary.value.json.comments meta.structure.dictionary.json.comments .meta.embedded.globpatternmd. meta.structure.dictionary.value.json.comments meta.structure.dictionary.json.comments .meta.embedded.notglob. meta.structure.dictionary.value.json.comments
#                ^ source.json.comments.embedded meta.structure.dictionary.json.comments .meta.embedded.ts-node. meta.structure.dictionary.value.json.comments meta.structure.dictionary.json.comments .meta.embedded.moduleTypes. meta.structure.dictionary.value.json.comments meta.structure.dictionary.json.comments .meta.embedded.globpatternmd. meta.structure.dictionary.value.json.comments meta.structure.dictionary.json.comments .meta.embedded.notglob. meta.structure.dictionary.value.json.comments string.quoted.double.json.comments punctuation.definition.string.begin.json.comments
#                 ^ source.json.comments.embedded meta.structure.dictionary.json.comments .meta.embedded.ts-node. meta.structure.dictionary.value.json.comments meta.structure.dictionary.json.comments .meta.embedded.moduleTypes. meta.structure.dictionary.value.json.comments meta.structure.dictionary.json.comments .meta.embedded.globpatternmd. meta.structure.dictionary.value.json.comments meta.structure.dictionary.json.comments .meta.embedded.notglob. meta.structure.dictionary.value.json.comments string.quoted.double.json.comments
#                  ^ source.json.comments.embedded meta.structure.dictionary.json.comments .meta.embedded.ts-node. meta.structure.dictionary.value.json.comments meta.structure.dictionary.json.comments .meta.embedded.moduleTypes. meta.structure.dictionary.value.json.comments meta.structure.dictionary.json.comments .meta.embedded.globpatternmd. meta.structure.dictionary.value.json.comments meta.structure.dictionary.json.comments .meta.embedded.notglob. meta.structure.dictionary.value.json.comments string.quoted.double.json.comments punctuation.definition.string.end.json.comments
>			}
#^^^ source.json.comments.embedded meta.structure.dictionary.json.comments .meta.embedded.ts-node. meta.structure.dictionary.value.json.comments meta.structure.dictionary.json.comments .meta.embedded.moduleTypes. meta.structure.dictionary.value.json.comments meta.structure.dictionary.json.comments .meta.embedded.globpatternmd. meta.structure.dictionary.value.json.comments meta.structure.dictionary.json.comments .meta.embedded.notglob. meta.structure.dictionary.value.json.comments
#   ^ source.json.comments.embedded meta.structure.dictionary.json.comments .meta.embedded.ts-node. meta.structure.dictionary.value.json.comments meta.structure.dictionary.json.comments .meta.embedded.moduleTypes. meta.structure.dictionary.value.json.comments meta.structure.dictionary.json.comments .meta.embedded.globpatternmd. meta.structure.dictionary.value.json.comments meta.structure.dictionary.json.comments punctuation.definition.dictionary.end.json.comments
>		}
#^^ source.json.comments.embedded meta.structure.dictionary.json.comments .meta.embedded.ts-node. meta.structure.dictionary.value.json.comments meta.structure.dictionary.json.comments .meta.embedded.moduleTypes. meta.structure.dictionary.value.json.comments meta.structure.dictionary.json.comments .meta.embedded.globpatternmd. meta.structure.dictionary.value.json.comments
#  ^ source.json.comments.embedded meta.structure.dictionary.json.comments .meta.embedded.ts-node. meta.structure.dictionary.value.json.comments meta.structure.dictionary.json.comments .meta.embedded.moduleTypes. meta.structure.dictionary.value.json.comments meta.structure.dictionary.json.comments punctuation.definition.dictionary.end.json.comments
>	},
#^ source.json.comments.embedded meta.structure.dictionary.json.comments .meta.embedded.ts-node. meta.structure.dictionary.value.json.comments meta.structure.dictionary.json.comments .meta.embedded.moduleTypes. meta.structure.dictionary.value.json.comments
# ^ source.json.comments.embedded meta.structure.dictionary.json.comments .meta.embedded.ts-node. meta.structure.dictionary.value.json.comments meta.structure.dictionary.json.comments punctuation.definition.dictionary.end.json.comments
#  ^ source.json.comments.embedded meta.structure.dictionary.json.comments .meta.embedded.ts-node. meta.structure.dictionary.value.json.comments punctuation.separator.dictionary.pair.json.comments
>	"include": [
#^ source.json.comments.embedded meta.structure.dictionary.json.comments
# ^ source.json.comments.embedded meta.structure.dictionary.json.comments .meta.embedded.include. string.json.comments support.type.property-name.json.comments punctuation.support.type.property-name.begin.json.comments
#  ^^^^^^^ source.json.comments.embedded meta.structure.dictionary.json.comments .meta.embedded.include. string.json.comments support.type.property-name.json.comments
#         ^ source.json.comments.embedded meta.structure.dictionary.json.comments .meta.embedded.include. string.json.comments support.type.property-name.json.comments punctuation.support.type.property-name.end.json.comments
#          ^ source.json.comments.embedded meta.structure.dictionary.json.comments .meta.embedded.include. meta.structure.dictionary.value.json.comments punctuation.separator.dictionary.key-value.json.comments
#           ^ source.json.comments.embedded meta.structure.dictionary.json.comments .meta.embedded.include. meta.structure.dictionary.value.json.comments
#            ^ source.json.comments.embedded meta.structure.dictionary.json.comments .meta.embedded.include. meta.structure.dictionary.value.json.comments meta.structure.array.json.comments punctuation.definition.array.begin.json.comments
>		"src/**/*.ts",
#^^ source.json.comments.embedded meta.structure.dictionary.json.comments .meta.embedded.include. meta.structure.dictionary.value.json.comments meta.structure.array.json.comments
#  ^ source.json.comments.embedded meta.structure.dictionary.json.comments .meta.embedded.include. meta.structure.dictionary.value.json.comments meta.structure.array.json.comments string.quoted.double.json.comments punctuation.definition.string.begin.json.comments
#   ^^^ source.json.comments.embedded meta.structure.dictionary.json.comments .meta.embedded.include. meta.structure.dictionary.value.json.comments meta.structure.array.json.comments string.quoted.double.json.comments meta.embedded.glob.json string.regexp.glob.json
#      ^ source.json.comments.embedded meta.structure.dictionary.json.comments .meta.embedded.include. meta.structure.dictionary.value.json.comments meta.structure.array.json.comments string.quoted.double.json.comments meta.embedded.glob.json string.regexp.glob.json keyword.separator.path.glob-split.glob.json
#       ^^ source.json.comments.embedded meta.structure.dictionary.json.comments .meta.embedded.include. meta.structure.dictionary.value.json.comments meta.structure.array.json.comments string.quoted.double.json.comments meta.embedded.glob.json string.regexp.glob.json keyword.operator.quantifier.regexp.glob.json punctuation.definition.globstar.glob.json
#         ^ source.json.comments.embedded meta.structure.dictionary.json.comments .meta.embedded.include. meta.structure.dictionary.value.json.comments meta.structure.array.json.comments string.quoted.double.json.comments meta.embedded.glob.json string.regexp.glob.json keyword.separator.path.glob-split.glob.json
#          ^ source.json.comments.embedded meta.structure.dictionary.json.comments .meta.embedded.include. meta.structure.dictionary.value.json.comments meta.structure.array.json.comments string.quoted.double.json.comments meta.embedded.glob.json string.regexp.glob.json keyword.operator.quantifier.regexp.glob.json punctuation.definition.star.glob.json
#           ^^^ source.json.comments.embedded meta.structure.dictionary.json.comments .meta.embedded.include. meta.structure.dictionary.value.json.comments meta.structure.array.json.comments string.quoted.double.json.comments meta.embedded.glob.json string.regexp.glob.json
#              ^ source.json.comments.embedded meta.structure.dictionary.json.comments .meta.embedded.include. meta.structure.dictionary.value.json.comments meta.structure.array.json.comments string.quoted.double.json.comments punctuation.definition.string.end.json.comments
#               ^ source.json.comments.embedded meta.structure.dictionary.json.comments .meta.embedded.include. meta.structure.dictionary.value.json.comments meta.structure.array.json.comments punctuation.separator.array.json.comments
>	],
#^ source.json.comments.embedded meta.structure.dictionary.json.comments .meta.embedded.include. meta.structure.dictionary.value.json.comments meta.structure.array.json.comments
# ^ source.json.comments.embedded meta.structure.dictionary.json.comments .meta.embedded.include. meta.structure.dictionary.value.json.comments meta.structure.array.json.comments punctuation.definition.array.end.json.comments
#  ^ source.json.comments.embedded meta.structure.dictionary.json.comments .meta.embedded.include. meta.structure.dictionary.value.json.comments punctuation.separator.dictionary.pair.json.comments
>	"exclude": [
#^ source.json.comments.embedded meta.structure.dictionary.json.comments
# ^ source.json.comments.embedded meta.structure.dictionary.json.comments .meta.embedded.exclude. string.json.comments support.type.property-name.json.comments punctuation.support.type.property-name.begin.json.comments
#  ^^^^^^^ source.json.comments.embedded meta.structure.dictionary.json.comments .meta.embedded.exclude. string.json.comments support.type.property-name.json.comments
#         ^ source.json.comments.embedded meta.structure.dictionary.json.comments .meta.embedded.exclude. string.json.comments support.type.property-name.json.comments punctuation.support.type.property-name.end.json.comments
#          ^ source.json.comments.embedded meta.structure.dictionary.json.comments .meta.embedded.exclude. meta.structure.dictionary.value.json.comments punctuation.separator.dictionary.key-value.json.comments
#           ^ source.json.comments.embedded meta.structure.dictionary.json.comments .meta.embedded.exclude. meta.structure.dictionary.value.json.comments
#            ^ source.json.comments.embedded meta.structure.dictionary.json.comments .meta.embedded.exclude. meta.structure.dictionary.value.json.comments meta.structure.array.json.comments punctuation.definition.array.begin.json.comments
>		"node_modules",
#^^ source.json.comments.embedded meta.structure.dictionary.json.comments .meta.embedded.exclude. meta.structure.dictionary.value.json.comments meta.structure.array.json.comments
#  ^ source.json.comments.embedded meta.structure.dictionary.json.comments .meta.embedded.exclude. meta.structure.dictionary.value.json.comments meta.structure.array.json.comments string.quoted.double.json.comments punctuation.definition.string.begin.json.comments
#   ^^^^^^^^^^^^ source.json.comments.embedded meta.structure.dictionary.json.comments .meta.embedded.exclude. meta.structure.dictionary.value.json.comments meta.structure.array.json.comments string.quoted.double.json.comments meta.embedded.glob.json string.regexp.glob.json
#               ^ source.json.comments.embedded meta.structure.dictionary.json.comments .meta.embedded.exclude. meta.structure.dictionary.value.json.comments meta.structure.array.json.comments string.quoted.double.json.comments punctuation.definition.string.end.json.comments
#                ^ source.json.comments.embedded meta.structure.dictionary.json.comments .meta.embedded.exclude. meta.structure.dictionary.value.json.comments meta.structure.array.json.comments punctuation.separator.array.json.comments
>		"out/*.js",
#^^ source.json.comments.embedded meta.structure.dictionary.json.comments .meta.embedded.exclude. meta.structure.dictionary.value.json.comments meta.structure.array.json.comments
#  ^ source.json.comments.embedded meta.structure.dictionary.json.comments .meta.embedded.exclude. meta.structure.dictionary.value.json.comments meta.structure.array.json.comments string.quoted.double.json.comments punctuation.definition.string.begin.json.comments
#   ^^^ source.json.comments.embedded meta.structure.dictionary.json.comments .meta.embedded.exclude. meta.structure.dictionary.value.json.comments meta.structure.array.json.comments string.quoted.double.json.comments meta.embedded.glob.json string.regexp.glob.json
#      ^ source.json.comments.embedded meta.structure.dictionary.json.comments .meta.embedded.exclude. meta.structure.dictionary.value.json.comments meta.structure.array.json.comments string.quoted.double.json.comments meta.embedded.glob.json string.regexp.glob.json keyword.separator.path.glob-split.glob.json
#       ^ source.json.comments.embedded meta.structure.dictionary.json.comments .meta.embedded.exclude. meta.structure.dictionary.value.json.comments meta.structure.array.json.comments string.quoted.double.json.comments meta.embedded.glob.json string.regexp.glob.json keyword.operator.quantifier.regexp.glob.json punctuation.definition.star.glob.json
#        ^^^ source.json.comments.embedded meta.structure.dictionary.json.comments .meta.embedded.exclude. meta.structure.dictionary.value.json.comments meta.structure.array.json.comments string.quoted.double.json.comments meta.embedded.glob.json string.regexp.glob.json
#           ^ source.json.comments.embedded meta.structure.dictionary.json.comments .meta.embedded.exclude. meta.structure.dictionary.value.json.comments meta.structure.array.json.comments string.quoted.double.json.comments punctuation.definition.string.end.json.comments
#            ^ source.json.comments.embedded meta.structure.dictionary.json.comments .meta.embedded.exclude. meta.structure.dictionary.value.json.comments meta.structure.array.json.comments punctuation.separator.array.json.comments
>	]
#^ source.json.comments.embedded meta.structure.dictionary.json.comments .meta.embedded.exclude. meta.structure.dictionary.value.json.comments meta.structure.array.json.comments
# ^ source.json.comments.embedded meta.structure.dictionary.json.comments .meta.embedded.exclude. meta.structure.dictionary.value.json.comments meta.structure.array.json.comments punctuation.definition.array.end.json.comments
>}
#^ source.json.comments.embedded meta.structure.dictionary.json.comments punctuation.definition.dictionary.end.json.comments
>